../Core/Src/app 5.c:330:6:addKey	0	static
../Core/Src/app 5.c:314:6:scan	32	static
../Core/Src/app 5.c:339:6:getKey	0	static
../Core/Src/app 5.c:349:6:resetPins	8	static
../Core/Src/app 5.c:379:6:UART_TransmitString	16	static
../Core/Src/app 5.c:308:6:HAL_GPIO_EXTI_Callback	8	static
../Core/Src/app 5.c:356:6:ShowCommands	0	static
../Core/Src/app 5.c:361:6:printDisplay	8	static
../Core/Src/app 5.c:256:6:HAL_TIM_PeriodElapsedCallback	16	static
../Core/Src/app 5.c:389:6:Fan_Init	40	static
../Core/Src/app 5.c:103:6:App_Init	16	static
../Core/Src/app 5.c:413:6:Control_Fan	8	static
../Core/Src/app 5.c:137:6:App_MainLoop	32	static
